../Core/Src/main.c:66:9:pid_Calc	32	static
../Core/Src/main.c:82:9:ID_Decode	16	static
../Core/Src/main.c:86:9:CheckSum_Calc	24	static
../Core/Src/main.c:100:6:LIN_Master_Request	64	dynamic
../Core/Src/main.c:129:9:LIN_Slave_Check_Request	32	static
../Core/Src/main.c:147:10:LIN_Slave_Respond	56	dynamic
../Core/Src/main.c:172:5:main	8	static
../Core/Src/main.c:224:6:SystemClock_Config	88	static
../Core/Src/main.c:265:13:MX_USART1_UART_Init	8	static
../Core/Src/main.c:313:13:MX_USART2_UART_Init	8	static
../Core/Src/main.c:361:13:MX_GPIO_Init	24	static
../Core/Src/main.c:381:6:HAL_UARTEx_RxEventCallback	16	static
../Core/Src/main.c:399:6:Error_Handler	4	static,ignoring_inline_asm
