../Core/Src/main.c:65:9:pid_Calc	32	static
../Core/Src/main.c:82:9:CheckSum_Calc	24	static
../Core/Src/main.c:96:6:LIN_Master_Request	64	dynamic
../Core/Src/main.c:124:5:main	8	static
../Core/Src/main.c:176:6:SystemClock_Config	88	static
../Core/Src/main.c:217:13:MX_USART1_UART_Init	8	static
../Core/Src/main.c:265:13:MX_USART2_UART_Init	8	static
../Core/Src/main.c:313:13:MX_GPIO_Init	24	static
../Core/Src/main.c:331:6:HAL_UARTEx_RxEventCallback	16	static
../Core/Src/main.c:347:6:Error_Handler	4	static,ignoring_inline_asm
